[I 2026-09-20 18:42:37.921 ServerApp] jupyter_lsp | extension was successfully linked.
[I 2026-09-20 18:42:37.929 ServerApp] jupyter_server_terminals | extension was successfully linked.
[W 2026-09-20 18:42:37.932 LabApp] 'token' has moved from NotebookApp to ServerApp. This config will be passed to ServerApp. Be sure to update your config before our next release.
[W 2026-09-20 18:42:37.932 LabApp] 'password' has moved from NotebookApp to ServerApp. This config will be passed to ServerApp. Be sure to update your config before our next release.
[W 2026-09-20 18:42:37.936 ServerApp] ServerApp.token config is deprecated in 2.0. Use IdentityProvider.token.
[I 2026-09-20 18:42:37.936 ServerApp] jupyterlab | extension was successfully linked.
[I 2026-09-20 18:42:37.943 ServerApp] notebook | extension was successfully linked.
[I 2026-09-20 18:42:38.002 ServerApp] notebook_shim | extension was successfully linked.
[W 2026-09-20 18:42:38.024 ServerApp] All authentication is disabled.  Anyone who can connect to this server will be able to run code.
[I 2026-09-20 18:42:38.025 ServerApp] notebook_shim | extension was successfully loaded.
[I 2026-09-20 18:42:38.028 ServerApp] jupyter_lsp | extension was successfully loaded.
[I 2026-09-20 18:42:38.029 ServerApp] jupyter_server_terminals | extension was successfully loaded.
[I 2026-09-20 18:42:38.032 LabApp] JupyterLab extension loaded from /home/hermeswebui/.hermes/home/.local/lib/python3.12/site-packages/jupyterlab
[I 2026-09-20 18:42:38.032 LabApp] JupyterLab application directory is /home/hermeswebui/.hermes/home/.local/share/jupyter/lab
[I 2026-09-20 18:42:38.032 LabApp] Extension Manager is 'pypi'.
[I 2026-09-20 18:42:38.163 ServerApp] jupyterlab | extension was successfully loaded.
[I 2026-09-20 18:42:38.169 ServerApp] notebook | extension was successfully loaded.
[I 2026-09-20 18:42:38.170 ServerApp] Serving notebooks from local directory: /home/17635852864/AI/academic
[I 2026-09-20 18:42:38.170 ServerApp] Jupyter Server 2.21.1 is running at:
[I 2026-09-20 18:42:38.170 ServerApp] http://0.0.0.0:8888/tree
[I 2026-09-20 18:42:38.170 ServerApp]     http://127.0.0.1:8888/tree
[I 2026-09-20 18:42:38.170 ServerApp] Use Control-C to stop this server and shut down all kernels (twice to skip confirmation).
[I 2026-09-20 18:42:38.562 ServerApp] Skipped non-installed server(s): basedpyright, bash-language-server, dockerfile-language-server-nodejs, javascript-typescript-langserver, jedi-language-server, julia-language-server, pyrefly, pyright, python-language-server, python-lsp-server, r-languageserver, sql-language-server, texlab, typescript-language-server, unified-language-server, vscode-css-languageserver-bin, vscode-html-languageserver-bin, vscode-json-languageserver-bin, yaml-language-server
[I 2026-09-20 18:42:48.901 ServerApp] 302 GET / (@127.0.0.1) 0.59ms
